Product rs1 stock mismatch: Legacy=undefined, SyncOS=false
Product rs1 sizes count mismatch: Legacy=41,42,43,44,45, SyncOS=
Product m1 stock mismatch: Legacy=true, SyncOS=false
Product m1 gallery count mismatch
Product m1 sizes count mismatch: Legacy=42,43,44,45, SyncOS=
Product m2 stock mismatch: Legacy=true, SyncOS=false
Product m2 main image mismatch
Product m2 gallery count mismatch
Product m2 sizes count mismatch: Legacy=41,42,44,45, SyncOS=
Product m3 stock mismatch: Legacy=true, SyncOS=false
Product m3 gallery count mismatch
Product m3 sizes count mismatch: Legacy=43,44,45, SyncOS=
Product m4 stock mismatch: Legacy=true, SyncOS=false
Product m4 gallery count mismatch
Product m4 sizes count mismatch: Legacy=41,42,44,45,46,47, SyncOS=
Product m5 stock mismatch: Legacy=undefined, SyncOS=false
Product m5 sizes count mismatch: Legacy=41,42,43,44, SyncOS=
Product m6 stock mismatch: Legacy=undefined, SyncOS=false
Product m6 sizes count mismatch: Legacy=41,42,43,44,45, SyncOS=
Product m7 stock mismatch: Legacy=undefined, SyncOS=false
Product m7 sizes count mismatch: Legacy=42,44, SyncOS=
Product m8 stock mismatch: Legacy=undefined, SyncOS=false
Product m8 sizes count mismatch: Legacy=41,42,43,44,45, SyncOS=
Product m9 stock mismatch: Legacy=undefined, SyncOS=false
Product m9 sizes count mismatch: Legacy=41,42,43,45, SyncOS=
Product m10 stock mismatch: Legacy=true, SyncOS=false
Product m10 gallery count mismatch
Product m10 sizes count mismatch: Legacy=41,43,44,45, SyncOS=
Product m11 stock mismatch: Legacy=undefined, SyncOS=false
Product m11 sizes count mismatch: Legacy=42,45, SyncOS=
Product m12 stock mismatch: Legacy=undefined, SyncOS=false
Product m12 sizes count mismatch: Legacy=UK7.5/EU41,UK8/EU42,UK9/EU43,UK9.5/EU44, SyncOS=
Product m13 stock mismatch: Legacy=undefined, SyncOS=false
Product m13 sizes count mismatch: Legacy=UK7.5/EU41,UK8/EU42,UK9/EU43, SyncOS=
Product m14 stock mismatch: Legacy=undefined, SyncOS=false
Product m14 sizes count mismatch: Legacy=UK7.5/EU41,UK8/EU42,UK9/EU43, SyncOS=
Product m15 stock mismatch: Legacy=undefined, SyncOS=false
Product m15 sizes count mismatch: Legacy=UK6/EU40,UK7/EU41,UK7.5/EU42,UK8.5/EU43, SyncOS=
Product m16 stock mismatch: Legacy=undefined, SyncOS=false
Product m16 sizes count mismatch: Legacy=UK6/EU40,UK10/EU45, SyncOS=
Product m17 stock mismatch: Legacy=undefined, SyncOS=false
Product m17 sizes count mismatch: Legacy=28,30,32,34,36, SyncOS=
Product m18 stock mismatch: Legacy=undefined, SyncOS=false
Product m18 sizes count mismatch: Legacy=28,30,32,34, SyncOS=
Product m19 stock mismatch: Legacy=undefined, SyncOS=false
Product m19 sizes count mismatch: Legacy=30,32,34,36, SyncOS=
Product m20 stock mismatch: Legacy=true, SyncOS=false
Product m20 gallery count mismatch
Product m20 sizes count mismatch: Legacy=S,M,L,XL,XXL, SyncOS=
Product m21 stock mismatch: Legacy=undefined, SyncOS=false
Product m21 sizes count mismatch: Legacy=S,M,L,XL, SyncOS=
Product m22 stock mismatch: Legacy=true, SyncOS=false
Product m22 gallery count mismatch
Product m22 sizes count mismatch: Legacy=S,M,L,XL, SyncOS=
Product m23 stock mismatch: Legacy=true, SyncOS=false
Product m23 main image mismatch
Product m23 gallery count mismatch
Product m23 sizes count mismatch: Legacy=S,M,L,XL, SyncOS=
Product m24 stock mismatch: Legacy=undefined, SyncOS=false
Product m24 sizes count mismatch: Legacy=S,M,L,XL, SyncOS=
Product m25 stock mismatch: Legacy=undefined, SyncOS=false
Product m25 sizes count mismatch: Legacy=One Size, SyncOS=
Product m26 stock mismatch: Legacy=undefined, SyncOS=false
Product m26 sizes count mismatch: Legacy=One Size, SyncOS=
Product m27 stock mismatch: Legacy=undefined, SyncOS=false
Product m27 sizes count mismatch: Legacy=One Size, SyncOS=
Product m28 stock mismatch: Legacy=undefined, SyncOS=false
Product m28 sizes count mismatch: Legacy=One Size, SyncOS=
Product m29 stock mismatch: Legacy=true, SyncOS=false
Product m29 gallery count mismatch
Product m29 sizes count mismatch: Legacy=S,M,L,XL, SyncOS=
Product m30 stock mismatch: Legacy=undefined, SyncOS=false
Product m30 sizes count mismatch: Legacy=S,M,L,XL, SyncOS=
Product w1 stock mismatch: Legacy=true, SyncOS=false
Product w1 gallery count mismatch
Product w1 sizes count mismatch: Legacy=36,37,38,39,40, SyncOS=
Product w2 stock mismatch: Legacy=undefined, SyncOS=false
Product w2 sizes count mismatch: Legacy=38,39,40, SyncOS=
Product w3 stock mismatch: Legacy=undefined, SyncOS=false
Product w3 sizes count mismatch: Legacy=38,39, SyncOS=
Product w4 stock mismatch: Legacy=true, SyncOS=false
Product w4 gallery count mismatch
Product w4 sizes count mismatch: Legacy=38,39,40, SyncOS=
Product w5 stock mismatch: Legacy=undefined, SyncOS=false
Product w5 sizes count mismatch: Legacy=37,38,40, SyncOS=
Product w6 stock mismatch: Legacy=undefined, SyncOS=false
Product w6 sizes count mismatch: Legacy=38,39, SyncOS=
Product w7 stock mismatch: Legacy=undefined, SyncOS=false
Product w7 sizes count mismatch: Legacy=37,38, SyncOS=
Product w8 stock mismatch: Legacy=true, SyncOS=false
Product w8 gallery count mismatch
Product w8 sizes count mismatch: Legacy=38, SyncOS=
Product w9 stock mismatch: Legacy=undefined, SyncOS=false
Product w9 sizes count mismatch: Legacy=38,39,40, SyncOS=
Product w10 stock mismatch: Legacy=undefined, SyncOS=false
Product w10 sizes count mismatch: Legacy=UK5/EU38,UK6/EU39,UK7/EU40, SyncOS=
Product w11 stock mismatch: Legacy=true, SyncOS=false
Product w11 main image mismatch
Product w11 gallery count mismatch
Product w11 sizes count mismatch: Legacy=UK4,UK5,UK6, SyncOS=
Product w12 stock mismatch: Legacy=undefined, SyncOS=false
Product w12 sizes count mismatch: Legacy=26,28,30,32, SyncOS=
Product w13 stock mismatch: Legacy=undefined, SyncOS=false
Product w13 sizes count mismatch: Legacy=26,28,30, SyncOS=
Product w14 stock mismatch: Legacy=undefined, SyncOS=false
Product w14 sizes count mismatch: Legacy=XS,S,M,L, SyncOS=
Product w15 stock mismatch: Legacy=true, SyncOS=false
Product w15 gallery count mismatch
Product w15 sizes count mismatch: Legacy=XS,S,M,L, SyncOS=
Product w16 stock mismatch: Legacy=undefined, SyncOS=false
Product w16 sizes count mismatch: Legacy=XS,S,M,L, SyncOS=
Product w17 stock mismatch: Legacy=undefined, SyncOS=false
Product w17 sizes count mismatch: Legacy=S,M,L, SyncOS=
Product w18 stock mismatch: Legacy=undefined, SyncOS=false
Product w18 sizes count mismatch: Legacy=One Size, SyncOS=
Product w19 stock mismatch: Legacy=undefined, SyncOS=false
Product w19 sizes count mismatch: Legacy=One Size, SyncOS=
Product w20 stock mismatch: Legacy=undefined, SyncOS=false
Product w20 sizes count mismatch: Legacy=XS,S,M,L, SyncOS=
Product w21 stock mismatch: Legacy=undefined, SyncOS=false
Product w21 sizes count mismatch: Legacy=XS,S,M,L, SyncOS=
Product k1 stock mismatch: Legacy=undefined, SyncOS=false
Product k1 sizes count mismatch: Legacy=UK1,UK2,UK3,UK4, SyncOS=
Product k2 stock mismatch: Legacy=undefined, SyncOS=false
Product k2 sizes count mismatch: Legacy=UK1,UK2,UK3,UK4, SyncOS=
Product k3 stock mismatch: Legacy=undefined, SyncOS=false
Product k3 sizes count mismatch: Legacy=UK2,UK3,UK4,UK5, SyncOS=
Product k4 stock mismatch: Legacy=undefined, SyncOS=false
Product k4 sizes count mismatch: Legacy=EU36,EU37,EU38, SyncOS=
Product k5 stock mismatch: Legacy=undefined, SyncOS=false
Product k5 sizes count mismatch: Legacy=3-4Y,5-6Y,7-8Y,9-10Y, SyncOS=
Product k6 stock mismatch: Legacy=undefined, SyncOS=false
Product k6 sizes count mismatch: Legacy=3-4Y,5-6Y,7-8Y, SyncOS=
Product k7 stock mismatch: Legacy=true, SyncOS=false
Product k7 gallery count mismatch
Product k7 sizes count mismatch: Legacy=3-4Y,5-6Y,7-8Y,9-10Y, SyncOS=
Product k8 stock mismatch: Legacy=undefined, SyncOS=false
Product k8 sizes count mismatch: Legacy=3-4Y,5-6Y,7-8Y,9-10Y, SyncOS=
Product k9 stock mismatch: Legacy=undefined, SyncOS=false
Product k9 sizes count mismatch: Legacy=3-4Y,5-6Y,7-8Y,9-10Y, SyncOS=
Product k10 stock mismatch: Legacy=undefined, SyncOS=false
Product k10 sizes count mismatch: Legacy=One Size, SyncOS=
Product k11 stock mismatch: Legacy=undefined, SyncOS=false
Product k11 sizes count mismatch: Legacy=One Size, SyncOS=
Product k12 stock mismatch: Legacy=undefined, SyncOS=false
Product k12 sizes count mismatch: Legacy=3-4Y,5-6Y,7-8Y,9-10Y, SyncOS=